[2026-05-20 18:19:41] run-yaml.sh CALLED for 
[2026-05-20 18:19:41] run-mdformat.sh CALLED for 
[2026-05-20 18:19:41] run-ruff.sh CALLED for 
[2026-05-20 18:19:41] run-shell.sh CALLED for 
[2026-05-20 18:19:41] run-ty.sh CALLED for 
[2026-05-20 18:19:41] run-govet.sh CALLED for 
[2026-05-20 18:19:41] run-toml.sh CALLED for 
[2026-05-20 18:19:41] run-gofmt.sh CALLED for 
[2026-05-20 18:19:44] run-yaml.sh CALLED for 
[2026-05-20 18:19:44] run-mdformat.sh CALLED for 
[2026-05-20 18:19:44] run-ruff.sh CALLED for 
[2026-05-20 18:19:44] run-shell.sh CALLED for 
[2026-05-20 18:19:44] run-ty.sh CALLED for 
[2026-05-20 18:19:44] run-govet.sh CALLED for 
[2026-05-20 18:19:44] run-toml.sh CALLED for 
[2026-05-20 18:19:44] run-gofmt.sh CALLED for 
[2026-05-20 18:20:02] run-yaml.sh CALLED for 
[2026-05-20 18:20:02] run-mdformat.sh CALLED for 
[2026-05-20 18:20:02] run-ruff.sh CALLED for 
[2026-05-20 18:20:02] run-shell.sh CALLED for 
[2026-05-20 18:20:02] run-ty.sh CALLED for 
[2026-05-20 18:20:02] run-govet.sh CALLED for 
[2026-05-20 18:20:02] run-toml.sh CALLED for 
[2026-05-20 18:20:02] run-gofmt.sh CALLED for 
[2026-05-20 18:20:07] run-yaml.sh CALLED for 
[2026-05-20 18:20:07] run-mdformat.sh CALLED for 
[2026-05-20 18:20:07] run-ruff.sh CALLED for 
[2026-05-20 18:20:07] run-shell.sh CALLED for 
[2026-05-20 18:20:07] run-ty.sh CALLED for 
[2026-05-20 18:20:07] run-govet.sh CALLED for 
[2026-05-20 18:20:07] run-toml.sh CALLED for 
[2026-05-20 18:20:07] run-gofmt.sh CALLED for 
[2026-05-20 18:20:15] run-yaml.sh CALLED for 
[2026-05-20 18:20:15] run-mdformat.sh CALLED for 
[2026-05-20 18:20:15] run-ruff.sh CALLED for 
[2026-05-20 18:20:15] run-shell.sh CALLED for 
[2026-05-20 18:20:15] run-ty.sh CALLED for 
[2026-05-20 18:20:15] run-govet.sh CALLED for 
[2026-05-20 18:20:16] run-toml.sh CALLED for 
[2026-05-20 18:20:16] run-gofmt.sh CALLED for 
[2026-05-20 18:22:49] run-mdformat.sh CALLED for 
[2026-05-20 18:22:49] run-ty.sh CALLED for 
[2026-05-20 18:22:49] run-yaml.sh CALLED for 
[2026-05-20 18:22:49] run-gofmt.sh CALLED for 
[2026-05-20 18:22:49] run-govet.sh CALLED for 
[2026-05-20 18:22:49] run-ruff.sh CALLED for 
[2026-05-20 18:22:49] run-toml.sh CALLED for 
[2026-05-20 18:22:49] run-shell.sh CALLED for 
